----Mesh0----
Vertices:
    0: (2.41522, -2.65126, 2.14565)
    1: (2.56205, -2.58449, 2.19777)
    2: (-2.69645, -2.50461, 2.17244)
    3: (-2.55122, -2.57581, 2.12172)
    4: (2.6153, -2.832, -1.86433)
    5: (2.61427, -2.90419, -1.71378)
    6: (2.43061, -2.89127, -1.8062)
    7: (-2.67313, -0.259344, -3.35617)
    8: (-2.71806, -2.75098, -1.89003)
    9: (-2.70652, -0.223079, -3.32468)
   10: (2.69897, 2.56581, -2.04573)
   11: (2.68428, 2.79482, 1.72507)
   12: (2.71718, 2.75084, 1.73769)
   13: (-2.75201, -2.73646, -1.84133)
   14: (2.59959, -2.67518, 2.0569)
   15: (2.64861, -2.86125, -1.72608)
   16: (2.63385, -2.63105, 2.06418)
   17: (2.66019, -0.34036, -3.33047)
   18: (2.69436, -0.305122, -3.29866)
   19: (2.95391, -0.240741, 0.0181036)
   20: (2.63417, 0.0654797, 3.35174)
   21: (2.63673, 0.230916, 3.3417)
   22: (2.45193, 0.152231, 3.36638)
   23: (2.62535, -0.173691, -3.34075)
   24: (2.66275, -0.174924, -3.34051)
   25: (2.47811, -0.256101, -3.35691)
   26: (2.59891, -1.18077, -2.85801)
   27: (-2.64196, -1.10115, -2.88326)
   28: (-2.69916, 0.146495, 3.32605)
   29: (-2.51451, 0.227673, 3.34245)
   30: (-2.69659, 0.311931, 3.31601)
   31: (-2.65918, 0.312029, 3.31617)
   32: (2.66005, 2.4762, -2.1869)
   33: (2.63986, 1.59992, -2.58915)
   34: (-2.60102, 1.67954, -2.6144)
   35: (-2.59845, 2.55608, -2.21223)
   36: (-2.45162, 2.62284, -2.16012)
   37: (2.51482, 2.54739, -2.13619)
   38: (2.67011, 0.194651, 3.31022)
   39: (2.68166, 2.72256, 1.87556)
   40: (2.49943, 2.78741, 1.81566)
   41: (-2.72068, -2.82315, -1.73948)
   42: (-2.53583, -2.81583, -1.83013)
   43: (2.60556, 1.07272, 2.8688)
   44: (2.6205, 1.90178, 2.38092)
   45: (2.58397, -2.00983, -2.37013)
   46: (-2.63315, -0.093811, -3.36608)
   47: (-2.67057, -0.0939087, -3.3662)
   48: (-2.61256, 0.79752, -2.99846)
   49: (2.62831, 0.717908, -2.97321)
   50: (2.57616, -0.825942, 2.984)
   51: (2.59948, -2.5853, 2.19761)
   52: (-2.67626, -1.62835, 2.57469)
   53: (-2.73388, -2.50428, 2.17192)
   54: (-2.66471, -0.746331, 2.95875)
   55: (-2.73537, -2.59414, 2.0312)
   56: (-2.65068, 2.87586, 1.69937)
   57: (-2.68561, 2.79011, 1.80086)
   58: (-2.6517, 2.80358, 1.84987)
   59: (-2.73076, 0.276694, 3.2842)
   60: (-2.61428, 2.80282, 1.85041)
   61: (-2.46701, 2.86285, 1.79174)
   62: (2.73105, 2.46738, -2.13604)
   63: (2.69748, 2.47587, -2.18638)
   64: (-2.75358, -2.77918, -1.75211)
   65: (-2.76834, -2.54899, 2.03816)
   66: (-2.99593, -0.15036, -0.0105589)
   67: (2.73194, 2.52063, -2.05268)
   68: (2.95953, 0.121938, -0.00390198)
   69: (-2.68501, 2.8329, 1.71167)
   70: (-2.63599, 2.64685, -2.07143)
   71: (-2.67025, 2.60269, -2.0787)
   72: (-2.99031, 0.212319, -0.0325645)
   73: (-2.76745, -2.49578, 2.12156)
   74: (-2.67017, 2.54943, -2.16206)
   75: (2.71561, 2.70806, 1.82688)
   76: (2.69588, -0.207095, -3.30461)
   77: (2.5695, -2.79234, 0.171575)
   78: (-2.69069, -2.71243, 0.146235)
   79: (-2.99498, -0.122201, -0.119262)
   80: (2.9594, 0.0808301, -0.108402)
   81: (2.95857, 0.0937793, 0.104799)
   82: (-2.99581, -0.109252, 0.0939385)
   83: (-2.73228, 0.178667, 3.29015)
   84: (2.6686, 0.0966235, 3.31616)
   85: (-2.99023, 0.200039, -0.0880691)
   86: (2.95383, -0.228463, 0.0736073)
   87: (-2.99204, 0.146479, 0.118693)
   88: (-2.99292, 0.0974927, 0.14752)
   89: (-2.99126, 0.18416, 0.0761362)
   90: (2.65426, 2.68184, -0.160567)
   91: (2.95917, 0.116466, 0.0526785)
   92: (-2.99332, -0.0355347, -0.190645)
   93: (-2.9942, -0.0845203, -0.161818)
   94: (2.95826, -0.0138403, -0.168783)
   95: (2.95894, 0.0382764, -0.14609)
   96: (-2.99601, -0.138082, 0.0449448)
   97: (-2.99466, -0.0145813, 0.15432)
   98: (-2.99534, -0.066698, 0.131627)
   99: (-2.99557, -0.144886, -0.0671415)
  100: (2.95691, 0.00711182, 0.176182)
  101: (2.95601, -0.0483874, 0.188459)
  102: (2.95518, -0.104962, 0.182982)
  103: (2.95403, -0.199633, 0.122601)
  104: (-2.99241, 0.0199646, -0.202921)
  105: (2.95742, -0.0704163, -0.174259)
  106: (2.95652, -0.125916, -0.161983)
  107: (-2.60594, 2.76175, -0.185907)
  108: (-2.99043, 0.171211, -0.137064)
  109: (-2.9909, 0.128657, -0.174753)
  110: (-2.705, -0.125051, -3.33063)
  111: (-2.99158, 0.0765405, -0.197446)
  112: (-2.63532, 1.15233, 2.84355)
  113: (2.56461, -1.70797, 2.59993)
  114: (-2.62037, 1.98139, 2.35567)
  115: (2.62277, -0.340458, -3.33063)
  116: (2.59675, 0.0653821, 3.35162)
  117: (2.59933, 0.232148, 3.3415)
  118: (-2.66176, 0.145262, 3.32628)
  119: (-2.63573, -0.260577, -3.35596)
  120: (2.57787, -2.83124, -1.86488)
  121: (-2.68063, -2.75136, -1.89021)
  122: (2.64422, 2.72294, 1.87574)
  123: (-2.63588, 2.55688, -2.21208)
  124: (2.6469, 2.79552, 1.72467)
  125: (-2.69799, -2.59486, 2.03117)
  126: (-2.6833, -2.82384, -1.73907)
  127: (2.56221, -2.67477, 2.05651)
  128: (-2.61329, 2.87542, 1.69933)
  129: (2.57689, -2.90375, -1.71373)
  130: (-2.59861, 2.64643, -2.07104)
  131: (2.66159, 2.56652, -2.0457)
  132: (2.64921, -2.81851, -1.81531)
  133: (2.95564, -0.174901, -0.133156)
  134: (2.95486, -0.212582, -0.0905994)
  135: (2.63377, -2.57783, 2.14758)
  136: (2.9545, -0.157079, 0.16029)
  137: (2.9578, 0.0560986, 0.147356)
  138: (-2.48833, -0.180659, -3.38084)
  139: (2.59025, 2.68282, -0.160875)
  140: (2.95427, -0.235267, -0.038479)
  141: (-2.6193, -2.82482, -1.73877)
  142: (-2.6569, -1.93022, -2.39538)
  143: (-2.99067, 0.206847, 0.024016)
  144: (-2.99383, 0.0419934, 0.159797)
  145: (2.95961, 0.109658, -0.0594067)
Edges:
    0: Vertex(  0) Twin( 93) Face(  0)
    1: Vertex(  1) Twin(354) Face(  0)
    2: Vertex(  2) Twin(111) Face(  0)
    3: Vertex(  3) Twin(496) Face(  0)
    4: Vertex(  4) Twin(539) Face(  1)
    5: Vertex(  5) Twin(517) Face(  1)
    6: Vertex(  6) Twin(427) Face(  1)
    7: Vertex(  7) Twin( 38) Face(  2)
    8: Vertex(  8) Twin( 13) Face(  2)
    9: Vertex(  9) Twin(338) Face(  2)
   10: Vertex( 10) Twin(255) Face(  3)
   11: Vertex( 11) Twin(185) Face(  3)
   12: Vertex( 12) Twin(160) Face(  3)
   13: Vertex(  9) Twin(  8) Face(  4)
   14: Vertex(  8) Twin( 61) Face(  4)
   15: Vertex( 13) Twin(265) Face(  4)
   16: Vertex( 14) Twin(204) Face(  5)
   17: Vertex(  5) Twin(555) Face(  5)
   18: Vertex( 15) Twin( 23) Face(  5)
   19: Vertex( 16) Twin(558) Face(  5)
   20: Vertex(  4) Twin( 35) Face(  6)
   21: Vertex( 17) Twin(194) Face(  6)
   22: Vertex( 18) Twin(542) Face(  6)
   23: Vertex( 16) Twin( 18) Face(  7)
   24: Vertex( 15) Twin(615) Face(  7)
   25: Vertex( 19) Twin(242) Face(  7)
   26: Vertex( 20) Twin(233) Face(  8)
   27: Vertex( 21) Twin(400) Face(  8)
   28: Vertex( 22) Twin(386) Face(  8)
   29: Vertex( 23) Twin( 87) Face(  9)
   30: Vertex( 24) Twin( 34) Face(  9)
   31: Vertex( 25) Twin(587) Face(  9)
   32: Vertex( 24) Twin(195) Face( 10)
   33: Vertex( 17) Twin(380) Face( 10)
   34: Vertex( 25) Twin( 30) Face( 10)
   35: Vertex( 17) Twin( 20) Face( 11)
   36: Vertex(  4) Twin( 73) Face( 11)
   37: Vertex( 26) Twin(377) Face( 11)
   38: Vertex(  8) Twin(  7) Face( 12)
   39: Vertex(  7) Twin(421) Face( 12)
   40: Vertex( 27) Twin(644) Face( 12)
   41: Vertex( 28) Twin(403) Face( 13)
   42: Vertex( 29) Twin( 46) Face( 13)
   43: Vertex( 30) Twin(225) Face( 13)
   44: Vertex( 29) Twin(396) Face( 14)
   45: Vertex( 31) Twin(350) Face( 14)
   46: Vertex( 30) Twin( 42) Face( 14)
   47: Vertex( 32) Twin(138) Face( 15)
   48: Vertex( 33) Twin( 84) Face( 15)
   49: Vertex( 34) Twin(466) Face( 15)
   50: Vertex( 35) Twin( 53) Face( 15)
   51: Vertex( 36) Twin(532) Face( 16)
   52: Vertex( 37) Twin(141) Face( 16)
   53: Vertex( 32) Twin( 50) Face( 16)
   54: Vertex( 35) Twin(463) Face( 16)
   55: Vertex( 21) Twin(232) Face( 17)
   56: Vertex( 38) Twin(191) Face( 17)
   57: Vertex( 39) Twin( 67) Face( 17)
   58: Vertex( 11) Twin(478) Face( 18)
   59: Vertex( 40) Twin(448) Face( 18)
   60: Vertex( 39) Twin(188) Face( 18)
   61: Vertex( 13) Twin( 14) Face( 19)
   62: Vertex(  8) Twin( 66) Face( 19)
   63: Vertex( 41) Twin(147) Face( 19)
   64: Vertex(  8) Twin(430) Face( 20)
   65: Vertex( 42) Twin(487) Face( 20)
   66: Vertex( 41) Twin( 62) Face( 20)
   67: Vertex( 21) Twin( 57) Face( 21)
   68: Vertex( 39) Twin( 72) Face( 21)
   69: Vertex( 43) Twin(389) Face( 21)
   70: Vertex( 39) Twin(445) Face( 22)
   71: Vertex( 44) Twin(374) Face( 22)
   72: Vertex( 43) Twin( 68) Face( 22)
   73: Vertex( 26) Twin( 36) Face( 23)
   74: Vertex(  4) Twin(424) Face( 23)
   75: Vertex( 45) Twin(634) Face( 23)
   76: Vertex( 46) Twin(600) Face( 24)
   77: Vertex( 47) Twin(472) Face( 24)
   78: Vertex( 48) Twin( 80) Face( 24)
   79: Vertex( 23) Twin(586) Face( 25)
   80: Vertex( 46) Twin( 78) Face( 25)
   81: Vertex( 48) Twin( 86) Face( 25)
   82: Vertex( 49) Twin( 88) Face( 25)
   83: Vertex( 48) Twin(469) Face( 26)
   84: Vertex( 34) Twin( 48) Face( 26)
   85: Vertex( 33) Twin(135) Face( 26)
   86: Vertex( 49) Twin( 81) Face( 26)
   87: Vertex( 24) Twin( 29) Face( 27)
   88: Vertex( 23) Twin( 82) Face( 27)
   89: Vertex( 49) Twin(132) Face( 27)
   90: Vertex( 20) Twin(383) Face( 28)
   91: Vertex( 50) Twin(360) Face( 28)
   92: Vertex( 51) Twin(236) Face( 28)
   93: Vertex(  1) Twin(  0) Face( 29)
   94: Vertex(  0) Twin( 98) Face( 29)
   95: Vertex( 51) Twin(357) Face( 29)
   96: Vertex(  0) Twin(493) Face( 30)
   97: Vertex( 14) Twin(574) Face( 30)
   98: Vertex( 51) Twin( 94) Face( 30)
   99: Vertex(  2) Twin(353) Face( 31)
  100: Vertex( 52) Twin(104) Face( 31)
  101: Vertex( 53) Twin(112) Face( 31)
  102: Vertex( 52) Twin(364) Face( 32)
  103: Vertex( 54) Twin(107) Face( 32)
  104: Vertex( 53) Twin(100) Face( 32)
  105: Vertex( 54) Twin(406) Face( 33)
  106: Vertex( 28) Twin(222) Face( 33)
  107: Vertex( 53) Twin(103) Face( 33)
  108: Vertex( 55) Twin(481) Face( 34)
  109: Vertex(  3) Twin(113) Face( 34)
  110: Vertex( 53) Twin(179) Face( 34)
  111: Vertex(  3) Twin(  2) Face( 35)
  112: Vertex(  2) Twin(101) Face( 35)
  113: Vertex( 53) Twin(109) Face( 35)
  114: Vertex( 56) Twin(166) Face( 36)
  115: Vertex( 57) Twin(119) Face( 36)
  116: Vertex( 58) Twin(127) Face( 36)
  117: Vertex( 57) Twin(245) Face( 37)
  118: Vertex( 59) Twin(122) Face( 37)
  119: Vertex( 58) Twin(115) Face( 37)
  120: Vertex( 59) Twin(226) Face( 38)
  121: Vertex( 30) Twin(347) Face( 38)
  122: Vertex( 58) Twin(118) Face( 38)
  123: Vertex( 60) Twin(438) Face( 39)
  124: Vertex( 61) Twin(128) Face( 39)
  125: Vertex( 58) Twin(367) Face( 39)
  126: Vertex( 61) Twin(507) Face( 40)
  127: Vertex( 56) Twin(116) Face( 40)
  128: Vertex( 58) Twin(124) Face( 40)
  129: Vertex( 10) Twin(157) Face( 41)
  130: Vertex( 62) Twin(201) Face( 41)
  131: Vertex( 63) Twin(145) Face( 41)
  132: Vertex( 24) Twin( 89) Face( 42)
  133: Vertex( 49) Twin(137) Face( 42)
  134: Vertex( 63) Twin(198) Face( 42)
  135: Vertex( 49) Twin( 85) Face( 43)
  136: Vertex( 33) Twin(140) Face( 43)
  137: Vertex( 63) Twin(133) Face( 43)
  138: Vertex( 33) Twin( 47) Face( 44)
  139: Vertex( 32) Twin(143) Face( 44)
  140: Vertex( 63) Twin(136) Face( 44)
  141: Vertex( 32) Twin( 52) Face( 45)
  142: Vertex( 37) Twin(146) Face( 45)
  143: Vertex( 63) Twin(139) Face( 45)
  144: Vertex( 37) Twin(529) Face( 46)
  145: Vertex( 10) Twin(131) Face( 46)
  146: Vertex( 63) Twin(142) Face( 46)
  147: Vertex( 13) Twin( 63) Face( 47)
  148: Vertex( 41) Twin(153) Face( 47)
  149: Vertex( 64) Twin(210) Face( 47)
  150: Vertex( 41) Twin(207) Face( 48)
  151: Vertex( 55) Twin(176) Face( 48)
  152: Vertex( 65) Twin(156) Face( 48)
  153: Vertex( 64) Twin(148) Face( 48)
  154: Vertex( 65) Twin(278) Face( 49)
  155: Vertex( 66) Twin(291) Face( 49)
  156: Vertex( 64) Twin(152) Face( 49)
  157: Vertex( 62) Twin(129) Face( 50)
  158: Vertex( 10) Twin(162) Face( 50)
  159: Vertex( 67) Twin(213) Face( 50)
  160: Vertex( 10) Twin( 12) Face( 51)
  161: Vertex( 12) Twin(165) Face( 51)
  162: Vertex( 67) Twin(158) Face( 51)
  163: Vertex( 12) Twin(258) Face( 52)
  164: Vertex( 68) Twin(705) Face( 52)
  165: Vertex( 67) Twin(161) Face( 52)
  166: Vertex( 57) Twin(114) Face( 53)
  167: Vertex( 56) Twin(172) Face( 53)
  168: Vertex( 69) Twin(249) Face( 53)
  169: Vertex( 56) Twin(321) Face( 54)
  170: Vertex( 70) Twin(182) Face( 54)
  171: Vertex( 71) Twin(175) Face( 54)
  172: Vertex( 69) Twin(167) Face( 54)
  173: Vertex( 71) Twin(239) Face( 55)
  174: Vertex( 72) Twin(650) Face( 55)
  175: Vertex( 69) Twin(171) Face( 55)
  176: Vertex( 65) Twin(151) Face( 56)
  177: Vertex( 55) Twin(181) Face( 56)
  178: Vertex( 73) Twin(219) Face( 56)
  179: Vertex( 55) Twin(110) Face( 57)
  180: Vertex( 53) Twin(229) Face( 57)
  181: Vertex( 73) Twin(177) Face( 57)
  182: Vertex( 71) Twin(170) Face( 58)
  183: Vertex( 70) Twin(457) Face( 58)
  184: Vertex( 74) Twin(324) Face( 58)
  185: Vertex( 12) Twin( 11) Face( 59)
  186: Vertex( 11) Twin(190) Face( 59)
  187: Vertex( 75) Twin(216) Face( 59)
  188: Vertex( 11) Twin( 60) Face( 60)
  189: Vertex( 39) Twin(193) Face( 60)
  190: Vertex( 75) Twin(186) Face( 60)
  191: Vertex( 39) Twin( 56) Face( 61)
  192: Vertex( 38) Twin(583) Face( 61)
  193: Vertex( 75) Twin(189) Face( 61)
  194: Vertex( 18) Twin( 21) Face( 62)
  195: Vertex( 17) Twin( 32) Face( 62)
  196: Vertex( 24) Twin(200) Face( 62)
  197: Vertex( 76) Twin(312) Face( 62)
  198: Vertex( 24) Twin(134) Face( 63)
  199: Vertex( 63) Twin(203) Face( 63)
  200: Vertex( 76) Twin(196) Face( 63)
  201: Vertex( 63) Twin(130) Face( 64)
  202: Vertex( 62) Twin(272) Face( 64)
  203: Vertex( 76) Twin(199) Face( 64)
  204: Vertex(  5) Twin( 16) Face( 65)
  205: Vertex( 14) Twin(504) Face( 65)
  206: Vertex( 77) Twin(520) Face( 65)
  207: Vertex( 55) Twin(150) Face( 66)
  208: Vertex( 41) Twin(490) Face( 66)
  209: Vertex( 78) Twin(484) Face( 66)
  210: Vertex( 13) Twin(149) Face( 67)
  211: Vertex( 64) Twin(294) Face( 67)
  212: Vertex( 79) Twin(268) Face( 67)
  213: Vertex( 62) Twin(159) Face( 68)
  214: Vertex( 67) Twin(702) Face( 68)
  215: Vertex( 80) Twin(275) Face( 68)
  216: Vertex( 12) Twin(187) Face( 69)
  217: Vertex( 75) Twin(580) Face( 69)
  218: Vertex( 81) Twin(261) Face( 69)
  219: Vertex( 65) Twin(178) Face( 70)
  220: Vertex( 73) Twin(288) Face( 70)
  221: Vertex( 82) Twin(281) Face( 70)
  222: Vertex( 53) Twin(106) Face( 71)
  223: Vertex( 28) Twin(228) Face( 71)
  224: Vertex( 83) Twin(230) Face( 71)
  225: Vertex( 28) Twin( 43) Face( 72)
  226: Vertex( 30) Twin(120) Face( 72)
  227: Vertex( 59) Twin(676) Face( 72)
  228: Vertex( 83) Twin(223) Face( 72)
  229: Vertex( 73) Twin(180) Face( 73)
  230: Vertex( 53) Twin(224) Face( 73)
  231: Vertex( 83) Twin(284) Face( 73)
  232: Vertex( 38) Twin( 55) Face( 74)
  233: Vertex( 21) Twin( 26) Face( 74)
  234: Vertex( 20) Twin(238) Face( 74)
  235: Vertex( 84) Twin(300) Face( 74)
  236: Vertex( 20) Twin( 92) Face( 75)
  237: Vertex( 51) Twin(571) Face( 75)
  238: Vertex( 84) Twin(234) Face( 75)
  239: Vertex( 72) Twin(173) Face( 76)
  240: Vertex( 71) Twin(330) Face( 76)
  241: Vertex( 85) Twin(670) Face( 76)
  242: Vertex( 16) Twin( 25) Face( 77)
  243: Vertex( 19) Twin(684) Face( 77)
  244: Vertex( 86) Twin(306) Face( 77)
  245: Vertex( 59) Twin(117) Face( 78)
  246: Vertex( 57) Twin(252) Face( 78)
  247: Vertex( 87) Twin(666) Face( 78)
  248: Vertex( 88) Twin(679) Face( 78)
  249: Vertex( 57) Twin(168) Face( 79)
  250: Vertex( 69) Twin(647) Face( 79)
  251: Vertex( 89) Twin(253) Face( 79)
  252: Vertex( 87) Twin(246) Face( 80)
  253: Vertex( 57) Twin(251) Face( 80)
  254: Vertex( 89) Twin(667) Face( 80)
  255: Vertex( 11) Twin( 10) Face( 81)
  256: Vertex( 10) Twin(536) Face( 81)
  257: Vertex( 90) Twin(475) Face( 81)
  258: Vertex( 68) Twin(163) Face( 82)
  259: Vertex( 12) Twin(263) Face( 82)
  260: Vertex( 91) Twin(695) Face( 82)
  261: Vertex( 12) Twin(218) Face( 83)
  262: Vertex( 81) Twin(696) Face( 83)
  263: Vertex( 91) Twin(259) Face( 83)
  264: Vertex( 92) Twin(309) Face( 84)
  265: Vertex(  9) Twin( 15) Face( 84)
  266: Vertex( 13) Twin(270) Face( 84)
  267: Vertex( 93) Twin(656) Face( 84)
  268: Vertex( 13) Twin(212) Face( 85)
  269: Vertex( 79) Twin(657) Face( 85)
  270: Vertex( 93) Twin(266) Face( 85)
  271: Vertex( 94) Twin(315) Face( 86)
  272: Vertex( 76) Twin(202) Face( 86)
  273: Vertex( 62) Twin(277) Face( 86)
  274: Vertex( 95) Twin(691) Face( 86)
  275: Vertex( 62) Twin(215) Face( 87)
  276: Vertex( 80) Twin(692) Face( 87)
  277: Vertex( 95) Twin(273) Face( 87)
  278: Vertex( 66) Twin(154) Face( 88)
  279: Vertex( 65) Twin(283) Face( 88)
  280: Vertex( 96) Twin(660) Face( 88)
  281: Vertex( 65) Twin(221) Face( 89)
  282: Vertex( 82) Twin(661) Face( 89)
  283: Vertex( 96) Twin(279) Face( 89)
  284: Vertex( 73) Twin(231) Face( 90)
  285: Vertex( 83) Twin(673) Face( 90)
  286: Vertex( 97) Twin(663) Face( 90)
  287: Vertex( 98) Twin(289) Face( 90)
  288: Vertex( 82) Twin(220) Face( 91)
  289: Vertex( 73) Twin(287) Face( 91)
  290: Vertex( 98) Twin(662) Face( 91)
  291: Vertex( 64) Twin(155) Face( 92)
  292: Vertex( 66) Twin(659) Face( 92)
  293: Vertex( 99) Twin(295) Face( 92)
  294: Vertex( 79) Twin(211) Face( 93)
  295: Vertex( 64) Twin(293) Face( 93)
  296: Vertex( 99) Twin(658) Face( 93)
  297: Vertex(100) Twin(577) Face( 94)
  298: Vertex( 38) Twin(302) Face( 94)
  299: Vertex(101) Twin(699) Face( 94)
  300: Vertex( 38) Twin(235) Face( 95)
  301: Vertex( 84) Twin(305) Face( 95)
  302: Vertex(101) Twin(298) Face( 95)
  303: Vertex( 84) Twin(568) Face( 96)
  304: Vertex(102) Twin(700) Face( 96)
  305: Vertex(101) Twin(301) Face( 96)
  306: Vertex( 16) Twin(244) Face( 97)
  307: Vertex( 86) Twin(683) Face( 97)
  308: Vertex(103) Twin(561) Face( 97)
  309: Vertex(  9) Twin(264) Face( 98)
  310: Vertex( 92) Twin(655) Face( 98)
  311: Vertex(104) Twin(341) Face( 98)
  312: Vertex( 18) Twin(197) Face( 99)
  313: Vertex( 76) Twin(317) Face( 99)
  314: Vertex(105) Twin(319) Face( 99)
  315: Vertex( 76) Twin(271) Face(100)
  316: Vertex( 94) Twin(690) Face(100)
  317: Vertex(105) Twin(313) Face(100)
  318: Vertex(106) Twin(545) Face(101)
  319: Vertex( 18) Twin(314) Face(101)
  320: Vertex(105) Twin(689) Face(101)
  321: Vertex( 70) Twin(169) Face(102)
  322: Vertex( 56) Twin(514) Face(102)
  323: Vertex(107) Twin(526) Face(102)
  324: Vertex( 71) Twin(184) Face(103)
  325: Vertex( 74) Twin(329) Face(103)
  326: Vertex(108) Twin(331) Face(103)
  327: Vertex( 74) Twin(333) Face(104)
  328: Vertex(109) Twin(672) Face(104)
  329: Vertex(108) Twin(325) Face(104)
  330: Vertex( 85) Twin(240) Face(105)
  331: Vertex( 71) Twin(326) Face(105)
  332: Vertex(108) Twin(671) Face(105)
  333: Vertex(109) Twin(327) Face(106)
  334: Vertex( 74) Twin(454) Face(106)
  335: Vertex(110) Twin(345) Face(106)
  336: Vertex(111) Twin(653) Face(106)
  337: Vertex( 47) Twin(597) Face(107)
  338: Vertex(  7) Twin(  9) Face(107)
  339: Vertex(  9) Twin(343) Face(107)
  340: Vertex(110) Twin(451) Face(107)
  341: Vertex(  9) Twin(311) Face(108)
  342: Vertex(104) Twin(346) Face(108)
  343: Vertex(110) Twin(339) Face(108)
  344: Vertex(104) Twin(654) Face(109)
  345: Vertex(111) Twin(335) Face(109)
  346: Vertex(110) Twin(342) Face(109)
  347: Vertex( 58) Twin(121) Face(110)
  348: Vertex( 30) Twin(352) Face(110)
  349: Vertex(112) Twin(370) Face(110)
  350: Vertex( 30) Twin( 45) Face(111)
  351: Vertex( 31) Twin(393) Face(111)
  352: Vertex(112) Twin(348) Face(111)
  353: Vertex( 52) Twin( 99) Face(112)
  354: Vertex(  2) Twin(  1) Face(112)
  355: Vertex(  1) Twin(359) Face(112)
  356: Vertex(113) Twin(365) Face(112)
  357: Vertex(  1) Twin( 95) Face(113)
  358: Vertex( 51) Twin(362) Face(113)
  359: Vertex(113) Twin(355) Face(113)
  360: Vertex( 51) Twin( 91) Face(114)
  361: Vertex( 50) Twin(366) Face(114)
  362: Vertex(113) Twin(358) Face(114)
  363: Vertex( 50) Twin(409) Face(115)
  364: Vertex( 54) Twin(102) Face(115)
  365: Vertex( 52) Twin(356) Face(115)
  366: Vertex(113) Twin(361) Face(115)
  367: Vertex( 60) Twin(125) Face(116)
  368: Vertex( 58) Twin(372) Face(116)
  369: Vertex(114) Twin(441) Face(116)
  370: Vertex( 58) Twin(349) Face(117)
  371: Vertex(112) Twin(376) Face(117)
  372: Vertex(114) Twin(368) Face(117)
  373: Vertex(112) Twin(392) Face(118)
  374: Vertex( 43) Twin( 71) Face(118)
  375: Vertex( 44) Twin(442) Face(118)
  376: Vertex(114) Twin(371) Face(118)
  377: Vertex( 17) Twin( 37) Face(119)
  378: Vertex( 26) Twin(417) Face(119)
  379: Vertex(115) Twin(381) Face(119)
  380: Vertex( 25) Twin( 33) Face(120)
  381: Vertex( 17) Twin(379) Face(120)
  382: Vertex(115) Twin(590) Face(120)
  383: Vertex( 50) Twin( 90) Face(121)
  384: Vertex( 20) Twin(388) Face(121)
  385: Vertex(116) Twin(410) Face(121)
  386: Vertex( 20) Twin( 28) Face(122)
  387: Vertex( 22) Twin(413) Face(122)
  388: Vertex(116) Twin(384) Face(122)
  389: Vertex( 21) Twin( 69) Face(123)
  390: Vertex( 43) Twin(395) Face(123)
  391: Vertex(117) Twin(401) Face(123)
  392: Vertex( 43) Twin(373) Face(124)
  393: Vertex(112) Twin(351) Face(124)
  394: Vertex( 31) Twin(399) Face(124)
  395: Vertex(117) Twin(390) Face(124)
  396: Vertex( 31) Twin( 44) Face(125)
  397: Vertex( 29) Twin(414) Face(125)
  398: Vertex( 22) Twin(402) Face(125)
  399: Vertex(117) Twin(394) Face(125)
  400: Vertex( 22) Twin( 27) Face(126)
  401: Vertex( 21) Twin(391) Face(126)
  402: Vertex(117) Twin(398) Face(126)
  403: Vertex( 29) Twin( 41) Face(127)
  404: Vertex( 28) Twin(408) Face(127)
  405: Vertex(118) Twin(415) Face(127)
  406: Vertex( 28) Twin(105) Face(128)
  407: Vertex( 54) Twin(412) Face(128)
  408: Vertex(118) Twin(404) Face(128)
  409: Vertex( 54) Twin(363) Face(129)
  410: Vertex( 50) Twin(385) Face(129)
  411: Vertex(116) Twin(416) Face(129)
  412: Vertex(118) Twin(407) Face(129)
  413: Vertex(116) Twin(387) Face(130)
  414: Vertex( 22) Twin(397) Face(130)
  415: Vertex( 29) Twin(405) Face(130)
  416: Vertex(118) Twin(411) Face(130)
  417: Vertex(115) Twin(378) Face(131)
  418: Vertex( 26) Twin(633) Face(131)
  419: Vertex( 27) Twin(423) Face(131)
  420: Vertex(119) Twin(591) Face(131)
  421: Vertex( 27) Twin( 39) Face(132)
  422: Vertex(  7) Twin(594) Face(132)
  423: Vertex(119) Twin(419) Face(132)
  424: Vertex( 45) Twin( 74) Face(133)
  425: Vertex(  4) Twin(429) Face(133)
  426: Vertex(120) Twin(637) Face(133)
  427: Vertex(  4) Twin(  6) Face(134)
  428: Vertex(  6) Twin(433) Face(134)
  429: Vertex(120) Twin(425) Face(134)
  430: Vertex( 42) Twin( 64) Face(135)
  431: Vertex(  8) Twin(641) Face(135)
  432: Vertex(121) Twin(435) Face(135)
  433: Vertex(120) Twin(428) Face(136)
  434: Vertex(  6) Twin(626) Face(136)
  435: Vertex( 42) Twin(432) Face(136)
  436: Vertex(121) Twin(638) Face(136)
  437: Vertex( 40) Twin(510) Face(137)
  438: Vertex( 61) Twin(123) Face(137)
  439: Vertex( 60) Twin(444) Face(137)
  440: Vertex(122) Twin(449) Face(137)
  441: Vertex( 60) Twin(369) Face(138)
  442: Vertex(114) Twin(375) Face(138)
  443: Vertex( 44) Twin(447) Face(138)
  444: Vertex(122) Twin(439) Face(138)
  445: Vertex( 44) Twin( 70) Face(139)
  446: Vertex( 39) Twin(450) Face(139)
  447: Vertex(122) Twin(443) Face(139)
  448: Vertex( 39) Twin( 59) Face(140)
  449: Vertex( 40) Twin(440) Face(140)
  450: Vertex(122) Twin(446) Face(140)
  451: Vertex( 47) Twin(340) Face(141)
  452: Vertex(110) Twin(456) Face(141)
  453: Vertex(123) Twin(473) Face(141)
  454: Vertex(110) Twin(334) Face(142)
  455: Vertex( 74) Twin(459) Face(142)
  456: Vertex(123) Twin(452) Face(142)
  457: Vertex( 74) Twin(183) Face(143)
  458: Vertex( 70) Twin(462) Face(143)
  459: Vertex(123) Twin(455) Face(143)
  460: Vertex( 70) Twin(523) Face(144)
  461: Vertex( 36) Twin(465) Face(144)
  462: Vertex(123) Twin(458) Face(144)
  463: Vertex( 36) Twin( 54) Face(145)
  464: Vertex( 35) Twin(468) Face(145)
  465: Vertex(123) Twin(461) Face(145)
  466: Vertex( 35) Twin( 49) Face(146)
  467: Vertex( 34) Twin(471) Face(146)
  468: Vertex(123) Twin(464) Face(146)
  469: Vertex( 34) Twin( 83) Face(147)
  470: Vertex( 48) Twin(474) Face(147)
  471: Vertex(123) Twin(467) Face(147)
  472: Vertex( 48) Twin( 77) Face(148)
  473: Vertex( 47) Twin(453) Face(148)
  474: Vertex(123) Twin(470) Face(148)
  475: Vertex( 11) Twin(257) Face(149)
  476: Vertex( 90) Twin(603) Face(149)
  477: Vertex(124) Twin(479) Face(149)
  478: Vertex( 40) Twin( 58) Face(150)
  479: Vertex( 11) Twin(477) Face(150)
  480: Vertex(124) Twin(511) Face(150)
  481: Vertex(  3) Twin(108) Face(151)
  482: Vertex( 55) Twin(486) Face(151)
  483: Vertex(125) Twin(497) Face(151)
  484: Vertex( 55) Twin(209) Face(152)
  485: Vertex( 78) Twin(500) Face(152)
  486: Vertex(125) Twin(482) Face(152)
  487: Vertex( 41) Twin( 65) Face(153)
  488: Vertex( 42) Twin(625) Face(153)
  489: Vertex(126) Twin(491) Face(153)
  490: Vertex( 78) Twin(208) Face(154)
  491: Vertex( 41) Twin(489) Face(154)
  492: Vertex(126) Twin(622) Face(154)
  493: Vertex( 14) Twin( 96) Face(155)
  494: Vertex(  0) Twin(499) Face(155)
  495: Vertex(127) Twin(505) Face(155)
  496: Vertex(  0) Twin(  3) Face(156)
  497: Vertex(  3) Twin(483) Face(156)
  498: Vertex(125) Twin(503) Face(156)
  499: Vertex(127) Twin(494) Face(156)
  500: Vertex(125) Twin(485) Face(157)
  501: Vertex( 78) Twin(621) Face(157)
  502: Vertex( 77) Twin(506) Face(157)
  503: Vertex(127) Twin(498) Face(157)
  504: Vertex( 77) Twin(205) Face(158)
  505: Vertex( 14) Twin(495) Face(158)
  506: Vertex(127) Twin(502) Face(158)
  507: Vertex( 56) Twin(126) Face(159)
  508: Vertex( 61) Twin(513) Face(159)
  509: Vertex(128) Twin(515) Face(159)
  510: Vertex( 61) Twin(437) Face(160)
  511: Vertex( 40) Twin(480) Face(160)
  512: Vertex(124) Twin(607) Face(160)
  513: Vertex(128) Twin(508) Face(160)
  514: Vertex(107) Twin(322) Face(161)
  515: Vertex( 56) Twin(509) Face(161)
  516: Vertex(128) Twin(606) Face(161)
  517: Vertex(  6) Twin(  5) Face(162)
  518: Vertex(  5) Twin(522) Face(162)
  519: Vertex(129) Twin(627) Face(162)
  520: Vertex(  5) Twin(206) Face(163)
  521: Vertex( 77) Twin(630) Face(163)
  522: Vertex(129) Twin(518) Face(163)
  523: Vertex( 36) Twin(460) Face(164)
  524: Vertex( 70) Twin(528) Face(164)
  525: Vertex(130) Twin(533) Face(164)
  526: Vertex( 70) Twin(323) Face(165)
  527: Vertex(107) Twin(612) Face(165)
  528: Vertex(130) Twin(524) Face(165)
  529: Vertex( 10) Twin(144) Face(166)
  530: Vertex( 37) Twin(535) Face(166)
  531: Vertex(131) Twin(537) Face(166)
  532: Vertex( 37) Twin( 51) Face(167)
  533: Vertex( 36) Twin(525) Face(167)
  534: Vertex(130) Twin(609) Face(167)
  535: Vertex(131) Twin(530) Face(167)
  536: Vertex( 90) Twin(256) Face(168)
  537: Vertex( 10) Twin(531) Face(168)
  538: Vertex(131) Twin(608) Face(168)
  539: Vertex(  5) Twin(  4) Face(169)
  540: Vertex(  4) Twin(544) Face(169)
  541: Vertex(132) Twin(556) Face(169)
  542: Vertex(  4) Twin( 22) Face(170)
  543: Vertex( 18) Twin(548) Face(170)
  544: Vertex(132) Twin(540) Face(170)
  545: Vertex( 18) Twin(318) Face(171)
  546: Vertex(106) Twin(688) Face(171)
  547: Vertex(133) Twin(551) Face(171)
  548: Vertex(132) Twin(543) Face(171)
  549: Vertex(133) Twin(687) Face(172)
  550: Vertex(134) Twin(554) Face(172)
  551: Vertex(132) Twin(547) Face(172)
  552: Vertex(134) Twin(618) Face(173)
  553: Vertex( 15) Twin(557) Face(173)
  554: Vertex(132) Twin(550) Face(173)
  555: Vertex( 15) Twin( 17) Face(174)
  556: Vertex(  5) Twin(541) Face(174)
  557: Vertex(132) Twin(553) Face(174)
  558: Vertex( 14) Twin( 19) Face(175)
  559: Vertex( 16) Twin(563) Face(175)
  560: Vertex(135) Twin(575) Face(175)
  561: Vertex( 16) Twin(308) Face(176)
  562: Vertex(103) Twin(566) Face(176)
  563: Vertex(135) Twin(559) Face(176)
  564: Vertex(103) Twin(682) Face(177)
  565: Vertex(136) Twin(570) Face(177)
  566: Vertex(135) Twin(562) Face(177)
  567: Vertex(136) Twin(701) Face(178)
  568: Vertex(102) Twin(303) Face(178)
  569: Vertex( 84) Twin(573) Face(178)
  570: Vertex(135) Twin(565) Face(178)
  571: Vertex( 84) Twin(237) Face(179)
  572: Vertex( 51) Twin(576) Face(179)
  573: Vertex(135) Twin(569) Face(179)
  574: Vertex( 51) Twin( 97) Face(180)
  575: Vertex( 14) Twin(560) Face(180)
  576: Vertex(135) Twin(572) Face(180)
  577: Vertex( 38) Twin(297) Face(181)
  578: Vertex(100) Twin(698) Face(181)
  579: Vertex(137) Twin(584) Face(181)
  580: Vertex( 81) Twin(217) Face(182)
  581: Vertex( 75) Twin(585) Face(182)
  582: Vertex(137) Twin(697) Face(182)
  583: Vertex( 75) Twin(192) Face(183)
  584: Vertex( 38) Twin(579) Face(183)
  585: Vertex(137) Twin(581) Face(183)
  586: Vertex( 46) Twin( 79) Face(184)
  587: Vertex( 23) Twin( 31) Face(184)
  588: Vertex( 25) Twin(593) Face(184)
  589: Vertex(138) Twin(601) Face(184)
  590: Vertex( 25) Twin(382) Face(185)
  591: Vertex(115) Twin(420) Face(185)
  592: Vertex(119) Twin(596) Face(185)
  593: Vertex(138) Twin(588) Face(185)
  594: Vertex(119) Twin(422) Face(186)
  595: Vertex(  7) Twin(599) Face(186)
  596: Vertex(138) Twin(592) Face(186)
  597: Vertex(  7) Twin(337) Face(187)
  598: Vertex( 47) Twin(602) Face(187)
  599: Vertex(138) Twin(595) Face(187)
  600: Vertex( 47) Twin( 76) Face(188)
  601: Vertex( 46) Twin(589) Face(188)
  602: Vertex(138) Twin(598) Face(188)
  603: Vertex(124) Twin(476) Face(189)
  604: Vertex( 90) Twin(611) Face(189)
  605: Vertex(139) Twin(613) Face(189)
  606: Vertex(107) Twin(516) Face(189)
  607: Vertex(128) Twin(512) Face(189)
  608: Vertex( 90) Twin(538) Face(190)
  609: Vertex(131) Twin(534) Face(190)
  610: Vertex(130) Twin(614) Face(190)
  611: Vertex(139) Twin(604) Face(190)
  612: Vertex(130) Twin(527) Face(191)
  613: Vertex(107) Twin(605) Face(191)
  614: Vertex(139) Twin(610) Face(191)
  615: Vertex( 19) Twin( 24) Face(192)
  616: Vertex( 15) Twin(620) Face(192)
  617: Vertex(140) Twin(685) Face(192)
  618: Vertex( 15) Twin(552) Face(193)
  619: Vertex(134) Twin(686) Face(193)
  620: Vertex(140) Twin(616) Face(193)
  621: Vertex( 77) Twin(501) Face(194)
  622: Vertex( 78) Twin(492) Face(194)
  623: Vertex(126) Twin(629) Face(194)
  624: Vertex(141) Twin(631) Face(194)
  625: Vertex(126) Twin(488) Face(195)
  626: Vertex( 42) Twin(434) Face(195)
  627: Vertex(  6) Twin(519) Face(195)
  628: Vertex(129) Twin(632) Face(195)
  629: Vertex(141) Twin(623) Face(195)
  630: Vertex(129) Twin(521) Face(196)
  631: Vertex( 77) Twin(624) Face(196)
  632: Vertex(141) Twin(628) Face(196)
  633: Vertex( 27) Twin(418) Face(197)
  634: Vertex( 26) Twin( 75) Face(197)
  635: Vertex( 45) Twin(640) Face(197)
  636: Vertex(142) Twin(645) Face(197)
  637: Vertex( 45) Twin(426) Face(198)
  638: Vertex(120) Twin(436) Face(198)
  639: Vertex(121) Twin(643) Face(198)
  640: Vertex(142) Twin(635) Face(198)
  641: Vertex(121) Twin(431) Face(199)
  642: Vertex(  8) Twin(646) Face(199)
  643: Vertex(142) Twin(639) Face(199)
  644: Vertex(  8) Twin( 40) Face(200)
  645: Vertex( 27) Twin(636) Face(200)
  646: Vertex(142) Twin(642) Face(200)
  647: Vertex( 89) Twin(250) Face(201)
  648: Vertex( 69) Twin(652) Face(201)
  649: Vertex(143) Twin(668) Face(201)
  650: Vertex( 69) Twin(174) Face(202)
  651: Vertex( 72) Twin(669) Face(202)
  652: Vertex(143) Twin(648) Face(202)
  653: Vertex(109) Twin(336) Face(203)
  654: Vertex(111) Twin(344) Face(203)
  655: Vertex(104) Twin(310) Face(203)
  656: Vertex( 92) Twin(267) Face(203)
  657: Vertex( 93) Twin(269) Face(203)
  658: Vertex( 79) Twin(296) Face(203)
  659: Vertex( 99) Twin(292) Face(203)
  660: Vertex( 66) Twin(280) Face(203)
  661: Vertex( 96) Twin(282) Face(203)
  662: Vertex( 82) Twin(290) Face(203)
  663: Vertex( 98) Twin(286) Face(203)
  664: Vertex( 97) Twin(675) Face(203)
  665: Vertex(144) Twin(680) Face(203)
  666: Vertex( 88) Twin(247) Face(203)
  667: Vertex( 87) Twin(254) Face(203)
  668: Vertex( 89) Twin(649) Face(203)
  669: Vertex(143) Twin(651) Face(203)
  670: Vertex( 72) Twin(241) Face(203)
  671: Vertex( 85) Twin(332) Face(203)
  672: Vertex(108) Twin(328) Face(203)
  673: Vertex( 97) Twin(285) Face(204)
  674: Vertex( 83) Twin(678) Face(204)
  675: Vertex(144) Twin(664) Face(204)
  676: Vertex( 83) Twin(227) Face(205)
  677: Vertex( 59) Twin(681) Face(205)
  678: Vertex(144) Twin(674) Face(205)
  679: Vertex( 59) Twin(248) Face(206)
  680: Vertex( 88) Twin(665) Face(206)
  681: Vertex(144) Twin(677) Face(206)
  682: Vertex(136) Twin(564) Face(207)
  683: Vertex(103) Twin(307) Face(207)
  684: Vertex( 86) Twin(243) Face(207)
  685: Vertex( 19) Twin(617) Face(207)
  686: Vertex(140) Twin(619) Face(207)
  687: Vertex(134) Twin(549) Face(207)
  688: Vertex(133) Twin(546) Face(207)
  689: Vertex(106) Twin(320) Face(207)
  690: Vertex(105) Twin(316) Face(207)
  691: Vertex( 94) Twin(274) Face(207)
  692: Vertex( 95) Twin(276) Face(207)
  693: Vertex( 80) Twin(704) Face(207)
  694: Vertex(145) Twin(706) Face(207)
  695: Vertex( 68) Twin(260) Face(207)
  696: Vertex( 91) Twin(262) Face(207)
  697: Vertex( 81) Twin(582) Face(207)
  698: Vertex(137) Twin(578) Face(207)
  699: Vertex(100) Twin(299) Face(207)
  700: Vertex(101) Twin(304) Face(207)
  701: Vertex(102) Twin(567) Face(207)
  702: Vertex( 80) Twin(214) Face(208)
  703: Vertex( 67) Twin(707) Face(208)
  704: Vertex(145) Twin(693) Face(208)
  705: Vertex( 67) Twin(164) Face(209)
  706: Vertex( 68) Twin(694) Face(209)
  707: Vertex(145) Twin(703) Face(209)

Faces:
    0:   0,   1,   2,   3, 
    1:   4,   5,   6, 
    2:   7,   8,   9, 
    3:  10,  11,  12, 
    4:  13,  14,  15, 
    5:  16,  17,  18,  19, 
    6:  20,  21,  22, 
    7:  23,  24,  25, 
    8:  26,  27,  28, 
    9:  29,  30,  31, 
   10:  32,  33,  34, 
   11:  35,  36,  37, 
   12:  38,  39,  40, 
   13:  41,  42,  43, 
   14:  44,  45,  46, 
   15:  47,  48,  49,  50, 
   16:  51,  52,  53,  54, 
   17:  55,  56,  57, 
   18:  58,  59,  60, 
   19:  61,  62,  63, 
   20:  64,  65,  66, 
   21:  67,  68,  69, 
   22:  70,  71,  72, 
   23:  73,  74,  75, 
   24:  76,  77,  78, 
   25:  79,  80,  81,  82, 
   26:  83,  84,  85,  86, 
   27:  87,  88,  89, 
   28:  90,  91,  92, 
   29:  93,  94,  95, 
   30:  96,  97,  98, 
   31:  99, 100, 101, 
   32: 102, 103, 104, 
   33: 105, 106, 107, 
   34: 108, 109, 110, 
   35: 111, 112, 113, 
   36: 114, 115, 116, 
   37: 117, 118, 119, 
   38: 120, 121, 122, 
   39: 123, 124, 125, 
   40: 126, 127, 128, 
   41: 129, 130, 131, 
   42: 132, 133, 134, 
   43: 135, 136, 137, 
   44: 138, 139, 140, 
   45: 141, 142, 143, 
   46: 144, 145, 146, 
   47: 147, 148, 149, 
   48: 150, 151, 152, 153, 
   49: 154, 155, 156, 
   50: 157, 158, 159, 
   51: 160, 161, 162, 
   52: 163, 164, 165, 
   53: 166, 167, 168, 
   54: 169, 170, 171, 172, 
   55: 173, 174, 175, 
   56: 176, 177, 178, 
   57: 179, 180, 181, 
   58: 182, 183, 184, 
   59: 185, 186, 187, 
   60: 188, 189, 190, 
   61: 191, 192, 193, 
   62: 194, 195, 196, 197, 
   63: 198, 199, 200, 
   64: 201, 202, 203, 
   65: 204, 205, 206, 
   66: 207, 208, 209, 
   67: 210, 211, 212, 
   68: 213, 214, 215, 
   69: 216, 217, 218, 
   70: 219, 220, 221, 
   71: 222, 223, 224, 
   72: 225, 226, 227, 228, 
   73: 229, 230, 231, 
   74: 232, 233, 234, 235, 
   75: 236, 237, 238, 
   76: 239, 240, 241, 
   77: 242, 243, 244, 
   78: 245, 246, 247, 248, 
   79: 249, 250, 251, 
   80: 252, 253, 254, 
   81: 255, 256, 257, 
   82: 258, 259, 260, 
   83: 261, 262, 263, 
   84: 264, 265, 266, 267, 
   85: 268, 269, 270, 
   86: 271, 272, 273, 274, 
   87: 275, 276, 277, 
   88: 278, 279, 280, 
   89: 281, 282, 283, 
   90: 284, 285, 286, 287, 
   91: 288, 289, 290, 
   92: 291, 292, 293, 
   93: 294, 295, 296, 
   94: 297, 298, 299, 
   95: 300, 301, 302, 
   96: 303, 304, 305, 
   97: 306, 307, 308, 
   98: 309, 310, 311, 
   99: 312, 313, 314, 
  100: 315, 316, 317, 
  101: 318, 319, 320, 
  102: 321, 322, 323, 
  103: 324, 325, 326, 
  104: 327, 328, 329, 
  105: 330, 331, 332, 
  106: 333, 334, 335, 336, 
  107: 337, 338, 339, 340, 
  108: 341, 342, 343, 
  109: 344, 345, 346, 
  110: 347, 348, 349, 
  111: 350, 351, 352, 
  112: 353, 354, 355, 356, 
  113: 357, 358, 359, 
  114: 360, 361, 362, 
  115: 363, 364, 365, 366, 
  116: 367, 368, 369, 
  117: 370, 371, 372, 
  118: 373, 374, 375, 376, 
  119: 377, 378, 379, 
  120: 380, 381, 382, 
  121: 383, 384, 385, 
  122: 386, 387, 388, 
  123: 389, 390, 391, 
  124: 392, 393, 394, 395, 
  125: 396, 397, 398, 399, 
  126: 400, 401, 402, 
  127: 403, 404, 405, 
  128: 406, 407, 408, 
  129: 409, 410, 411, 412, 
  130: 413, 414, 415, 416, 
  131: 417, 418, 419, 420, 
  132: 421, 422, 423, 
  133: 424, 425, 426, 
  134: 427, 428, 429, 
  135: 430, 431, 432, 
  136: 433, 434, 435, 436, 
  137: 437, 438, 439, 440, 
  138: 441, 442, 443, 444, 
  139: 445, 446, 447, 
  140: 448, 449, 450, 
  141: 451, 452, 453, 
  142: 454, 455, 456, 
  143: 457, 458, 459, 
  144: 460, 461, 462, 
  145: 463, 464, 465, 
  146: 466, 467, 468, 
  147: 469, 470, 471, 
  148: 472, 473, 474, 
  149: 475, 476, 477, 
  150: 478, 479, 480, 
  151: 481, 482, 483, 
  152: 484, 485, 486, 
  153: 487, 488, 489, 
  154: 490, 491, 492, 
  155: 493, 494, 495, 
  156: 496, 497, 498, 499, 
  157: 500, 501, 502, 503, 
  158: 504, 505, 506, 
  159: 507, 508, 509, 
  160: 510, 511, 512, 513, 
  161: 514, 515, 516, 
  162: 517, 518, 519, 
  163: 520, 521, 522, 
  164: 523, 524, 525, 
  165: 526, 527, 528, 
  166: 529, 530, 531, 
  167: 532, 533, 534, 535, 
  168: 536, 537, 538, 
  169: 539, 540, 541, 
  170: 542, 543, 544, 
  171: 545, 546, 547, 548, 
  172: 549, 550, 551, 
  173: 552, 553, 554, 
  174: 555, 556, 557, 
  175: 558, 559, 560, 
  176: 561, 562, 563, 
  177: 564, 565, 566, 
  178: 567, 568, 569, 570, 
  179: 571, 572, 573, 
  180: 574, 575, 576, 
  181: 577, 578, 579, 
  182: 580, 581, 582, 
  183: 583, 584, 585, 
  184: 586, 587, 588, 589, 
  185: 590, 591, 592, 593, 
  186: 594, 595, 596, 
  187: 597, 598, 599, 
  188: 600, 601, 602, 
  189: 603, 604, 605, 606, 607, 
  190: 608, 609, 610, 611, 
  191: 612, 613, 614, 
  192: 615, 616, 617, 
  193: 618, 619, 620, 
  194: 621, 622, 623, 624, 
  195: 625, 626, 627, 628, 629, 
  196: 630, 631, 632, 
  197: 633, 634, 635, 636, 
  198: 637, 638, 639, 640, 
  199: 641, 642, 643, 
  200: 644, 645, 646, 
  201: 647, 648, 649, 
  202: 650, 651, 652, 
  203: 653, 654, 655, 656, 657, 658, 659, 660, 661, 662, 663, 664, 665, 666, 667, 668, 669, 670, 671, 672, 
  204: 673, 674, 675, 
  205: 676, 677, 678, 
  206: 679, 680, 681, 
  207: 682, 683, 684, 685, 686, 687, 688, 689, 690, 691, 692, 693, 694, 695, 696, 697, 698, 699, 700, 701, 
  208: 702, 703, 704, 
  209: 705, 706, 707, 


